INFO 11-06 04:09:13 [__init__.py:216] Automatically detected platform cuda.
2025-11-06 04:09:15.404955: I tensorflow/core/util/port.cc:153] oneDNN custom operations are on. You may see slightly different numerical results due to floating-point round-off errors from different computation orders. To turn them off, set the environment variable `TF_ENABLE_ONEDNN_OPTS=0`.
2025-11-06 04:09:15.541061: I tensorflow/core/platform/cpu_feature_guard.cc:210] This TensorFlow binary is optimized to use available CPU instructions in performance-critical operations.
To enable the following instructions: AVX2 AVX512F AVX512_VNNI FMA, in other operations, rebuild TensorFlow with the appropriate compiler flags.
2025-11-06 04:09:26,534 INFO Loading episode metadata from /shared/3/datasets/podcasts/SPoRC/processed/mayJune/v1/episodeLevelData.jsonl.gz
2025-11-06 04:19:10,573 INFO Total episodes loaded: 1124058
2025-11-06 04:19:10,575 INFO Filtered to 1124058 two-speaker episodes
Traceback (most recent call last):
  File "/opt/anaconda/lib/python3.12/site-packages/pandas/core/indexes/base.py", line 3812, in get_loc
    return self._engine.get_loc(casted_key)
           ^^^^^^^^^^^^^^^^^^^^^^^^^^^^^^^^
  File "pandas/_libs/index.pyx", line 167, in pandas._libs.index.IndexEngine.get_loc
  File "pandas/_libs/index.pyx", line 196, in pandas._libs.index.IndexEngine.get_loc
  File "pandas/_libs/hashtable_class_helper.pxi", line 7088, in pandas._libs.hashtable.PyObjectHashTable.get_item
  File "pandas/_libs/hashtable_class_helper.pxi", line 7096, in pandas._libs.hashtable.PyObjectHashTable.get_item
KeyError: 'title'

The above exception was the direct cause of the following exception:

Traceback (most recent call last):
  File "/home/edenzha/flow_of_argument/prompt_test.py", line 205, in <module>
    main()
  File "/home/edenzha/flow_of_argument/prompt_test.py", line 135, in main
    mask = df_ep["title"].fillna("").apply(lambda x: any(t.lower() in x.lower() for t in targets))
           ~~~~~^^^^^^^^^
  File "/opt/anaconda/lib/python3.12/site-packages/pandas/core/frame.py", line 4107, in __getitem__
    indexer = self.columns.get_loc(key)
              ^^^^^^^^^^^^^^^^^^^^^^^^^
  File "/opt/anaconda/lib/python3.12/site-packages/pandas/core/indexes/base.py", line 3819, in get_loc
    raise KeyError(key) from err
KeyError: 'title'
