2026-01-29 14:21:58 | INFO     | Log file created: /mnt/e/flow_of_argument/_log/exp2/iceberg_analysis_20260129_142158.log
2026-01-29 14:21:58 | INFO     | Dual logging enabled: console + file output
2026-01-29 14:21:58 | INFO     | ======================================================================
2026-01-29 14:21:58 | INFO     | ICEBERG RATIO ANALYSIS: BIDIRECTIONAL TEMPORAL SHIFT SEARCH
2026-01-29 14:21:58 | INFO     | ======================================================================
2026-01-29 14:21:58 | INFO     | Data directory     : data/stance_labeled/512
2026-01-29 14:21:58 | INFO     | Metric type        : prop
2026-01-29 14:21:58 | INFO     | Bidirectional shift: ENABLED (-25 to +25)
2026-01-29 14:21:58 | INFO     | Minimum turns      : 50
2026-01-29 14:21:58 | INFO     | Maximum shift      : ±25 turns
2026-01-29 14:21:58 | INFO     | Output directory   : experiments/exp2_iceberg/results
2026-01-29 14:21:58 | INFO     | Start time         : 2026-01-29 14:21:58
2026-01-29 14:21:58 | INFO     | Log file           : /mnt/e/flow_of_argument/_log/exp2/iceberg_analysis_20260129_142158.log
2026-01-29 14:21:58 | INFO     | ======================================================================
2026-01-29 14:21:58 | INFO     | Found 5000 JSON files
2026-01-29 14:22:44 | INFO     | 
Processing complete:
2026-01-29 14:22:44 | INFO     |   Successfully processed : 1051 / 5000 episodes (21.0%)
2026-01-29 14:22:44 | INFO     |   Failed (QC/filtering)  : 3949 episodes
2026-01-29 14:22:45 | INFO     | Saved correlation distribution plot to experiments/exp2_iceberg/results/fig1_correlation_distribution_prop.png
2026-01-29 14:22:46 | INFO     | Saved enhanced bidirectional temporal shift analysis plot to experiments/exp2_iceberg/results/fig2_shift_analysis_prop.png
2026-01-29 14:22:46 | INFO     | Saved event-conditioned plot to experiments/exp2_iceberg/results/fig3_event_conditioned_prop.png
2026-01-29 14:22:46 | INFO     | 
======================================================================
2026-01-29 14:22:46 | INFO     | META-ANALYTIC RESULTS
2026-01-29 14:22:46 | INFO     | ======================================================================
2026-01-29 14:22:46 | INFO     | Episodes included      : 1051
2026-01-29 14:22:46 | INFO     | Mean correlation (r)   : -0.3414
2026-01-29 14:22:46 | INFO     | Mean optimal shift     : -9.16 turns
2026-01-29 14:22:46 | INFO     | P-value (one-tailed)   : <0.001
2026-01-29 14:22:46 | INFO     | ======================================================================
