2026-01-29 13:53:32 | INFO     | Log file created: /mnt/d/flow_of_argument/_log/exp2/iceberg_analysis_20260129_135332.log
2026-01-29 13:53:32 | INFO     | Dual logging enabled: console + file output
2026-01-29 13:53:32 | INFO     | ======================================================================
2026-01-29 13:53:32 | INFO     | ICEBERG RATIO ANALYSIS: BIDIRECTIONAL TEMPORAL SHIFT SEARCH
2026-01-29 13:53:32 | INFO     | ======================================================================
2026-01-29 13:53:32 | INFO     | Data directory     : data/stance_labeled/512
2026-01-29 13:53:32 | INFO     | Metric type        : prop
2026-01-29 13:53:32 | INFO     | Bidirectional shift: DISABLED (0 to +25)
2026-01-29 13:53:32 | INFO     | Minimum turns      : 25
2026-01-29 13:53:32 | INFO     | Maximum shift      : ±25 turns
2026-01-29 13:53:32 | INFO     | Output directory   : experiments/exp2_iceberg/results
2026-01-29 13:53:32 | INFO     | Start time         : 2026-01-29 13:53:32
2026-01-29 13:53:32 | INFO     | Log file           : /mnt/d/flow_of_argument/_log/exp2/iceberg_analysis_20260129_135332.log
2026-01-29 13:53:32 | INFO     | ======================================================================
2026-01-29 13:53:32 | INFO     | Found 5000 JSON files
2026-01-29 13:54:48 | INFO     | 
Processing complete:
2026-01-29 13:54:48 | INFO     |   Successfully processed : 2394 / 5000 episodes (47.9%)
2026-01-29 13:54:48 | INFO     |   Failed (QC/filtering)  : 2606 episodes
2026-01-29 13:54:49 | INFO     | Saved correlation distribution plot to experiments/exp2_iceberg/results/fig1_correlation_distribution_prop.png
2026-01-29 13:54:50 | INFO     | Saved bidirectional temporal shift analysis plot to experiments/exp2_iceberg/results/fig2_shift_analysis_prop.png
2026-01-29 13:54:50 | INFO     | Saved event-conditioned plot to experiments/exp2_iceberg/results/fig3_event_conditioned_prop.png
2026-01-29 13:54:50 | INFO     | 
======================================================================
2026-01-29 13:54:50 | INFO     | META-ANALYTIC RESULTS
2026-01-29 13:54:50 | INFO     | ======================================================================
2026-01-29 13:54:50 | INFO     | Episodes included      : 2394
2026-01-29 13:54:50 | INFO     | Mean correlation (r)   : -0.4224
2026-01-29 13:54:50 | INFO     | Mean optimal shift     : 10.85 turns
2026-01-29 13:54:50 | INFO     | P-value (one-tailed)   : <0.001
2026-01-29 13:54:50 | INFO     | ======================================================================
